[metodogdf.com.br/novo/index.html]
[backblue.gif]
[fade.gif]
[index.html]
[metodogdf.com.br/wp-includes/css/dist/block-library/style.min6a4d.css]
[metodogdf.com.br/wp-includes/css/classic-themes.min68b3.css]
[metodogdf.com.br/wp-content/themes/hello-elementor/style.min0875.css]
[metodogdf.com.br/wp-content/themes/hello-elementor/theme.min0875.css]
[metodogdf.com.br/wp-content/plugins/elementor/assets/css/frontend-lite.min3ab2.css]
[metodogdf.com.br/wp-content/uploads/elementor/css/post-4fddc.css]
[metodogdf.com.br/wp-content/plugins/elementor/assets/lib/eicons/css/elementor-icons.min7816.css]
[metodogdf.com.br/wp-content/plugins/elementor-pro/assets/css/frontend.minee9a.css]
[metodogdf.com.br/wp-content/plugins/elementor/assets/lib/font-awesome/css/all.min3ab2.css]
[metodogdf.com.br/wp-content/plugins/elementor/assets/lib/font-awesome/css/v4-shims.min3ab2.css]
[metodogdf.com.br/wp-content/uploads/elementor/css/globale5b5.css]
[metodogdf.com.br/wp-content/uploads/elementor/css/post-1373503c.css]
[metodogdf.com.br/wp-content/plugins/happy-elementor-addons/assets/fonts/style.mindae4.css]
[metodogdf.com.br/wp-content/plugins/elementor/assets/lib/font-awesome/css/font-awesome.min1849.css]
[metodogdf.com.br/wp-content/plugins/wp-rocket/assets/img/youtube.png]
[metodogdf.com.br/wp-content/plugins/elementor/assets/lib/font-awesome/css/fontawesome.min52d5.css]
[metodogdf.com.br/wp-content/plugins/elementor/assets/lib/font-awesome/css/solid.min52d5.css]
[metodogdf.com.br/wp-includes/js/jquery/jquery.mina7a0.js]
[metodogdf.com.br/wp-content/uploads/2022/07/50d9d627-7ff4-4fc9-a591-9d5761431ade-removebg-preview-1.png]
[metodogdf.com.br/wp-content/uploads/2022/07/MENOS-20Kg-4-1024x328.png]
[metodogdf.com.br/wp-content/uploads/2022/07/2574670-200.png]
[metodogdf.com.br/wp-content/uploads/2022/07/1581730.png]
[metodogdf.com.br/wp-content/uploads/2022/07/2424859.png]
[metodogdf.com.br/wp-content/uploads/2022/10/71017D-6-1024x1024.png]
[metodogdf.com.br/wp-content/uploads/2022/10/71017D-7-1024x1024.png]
[metodogdf.com.br/wp-content/uploads/2022/10/71017D-5-1024x1024.png]
[metodogdf.com.br/wp-content/uploads/2022/07/Design-sem-nome-2022-07-09T110204.401-1024x1024.png]
[metodogdf.com.br/wp-content/uploads/2022/10/71017D-1024x1024.png]
[metodogdf.com.br/wp-content/uploads/2022/10/71017D-3-1024x1024.png]
[metodogdf.com.br/wp-content/uploads/2022/10/71017D-2-1024x1024.png]
[metodogdf.com.br/wp-content/uploads/2022/07/Design-sem-nome-85-1024x1024.png]
[metodogdf.com.br/wp-content/uploads/2022/07/8384468-576x1024.jpg]
[metodogdf.com.br/wp-content/uploads/2022/10/Design-sem-nome-8-576x1024.jpg]
[metodogdf.com.br/wp-content/uploads/2022/07/Screenshot_20220328-141018_2-579x1024.png]
[metodogdf.com.br/wp-content/uploads/2022/07/Design-sem-nome-97-2-1024x1024.png]
[metodogdf.com.br/wp-content/uploads/2022/07/Design-sem-nome-98-1024x1024.png]
[metodogdf.com.br/wp-content/uploads/2022/07/Design-sem-nome-99-1-1024x1024.png]
[metodogdf.com.br/wp-content/uploads/2022/12/POR-VOCE-SAIR-DA-DIETA-2-1024x1024.png]
[metodogdf.com.br/wp-content/uploads/2022/07/Design-sem-nome-2022-07-09T115841.515-1024x1024.png]
[metodogdf.com.br/wp-content/uploads/2022/12/2-1024x1024.jpg]
[metodogdf.com.br/wp-content/uploads/2022/12/1-1024x1024.jpg]
[metodogdf.com.br/wp-content/uploads/2022/07/Screenshot_20220328-144412_2-576x1024.png]
[metodogdf.com.br/wp-content/uploads/2022/12/1-1-576x1024.jpg]
[metodogdf.com.br/wp-content/uploads/2022/12/2-1-576x1024.jpg]
[metodogdf.com.br/wp-content/uploads/2022/07/Screenshot_20220328-150012_2-577x1024.png]
[metodogdf.com.br/wp-content/uploads/2022/07/Screenshot_20220328-145736_2-580x1024.png]
[metodogdf.com.br/wp-content/uploads/2022/12/3-576x1024.jpg]
[metodogdf.com.br/wp-content/plugins/elementor/assets/css/widget-icon-list.min.css]
[metodogdf.com.br/wp-content/uploads/2022/07/selo_versao1_doctor-1.png]
[metodogdf.com.br/wp-content/uploads/2022/07/Design-sem-nome-2022-07-08T093623.411-1024x1024.png]
[metodogdf.com.br/wp-content/plugins/wp-rocket/assets/js/lazyload/16.1/lazyload.min.js]
[metodogdf.com.br/novo/index.html]
[metodogdf.com.br/wp-includes/css/dist/block-library/style.min6a4d.css]
[metodogdf.com.br/wp-includes/css/classic-themes.min68b3.css]
[metodogdf.com.br/wp-content/themes/hello-elementor/style.min0875.css]
[metodogdf.com.br/wp-content/themes/hello-elementor/theme.min0875.css]
[metodogdf.com.br/wp-content/plugins/elementor/assets/css/frontend-lite.min3ab2.css]
[metodogdf.com.br/wp-content/uploads/elementor/css/post-4fddc.css]
[metodogdf.com.br/wp-content/plugins/elementor/assets/lib/eicons/css/elementor-icons.min7816.css]
[metodogdf.com.br/wp-content/plugins/elementor-pro/assets/css/frontend.minee9a.css]
[metodogdf.com.br/wp-content/cache/min/1/752a63e8a61d32b1a975dbff1c6f181b.js]
[metodogdf.com.br/wp-content/plugins/elementor/assets/lib/font-awesome/css/all.min3ab2.css]
[metodogdf.com.br/wp-content/plugins/elementor/assets/lib/font-awesome/css/v4-shims.min3ab2.css]
[metodogdf.com.br/wp-content/uploads/elementor/css/globale5b5.css]
[metodogdf.com.br/wp-content/uploads/2022/07/fundo-1.jpg]
[metodogdf.com.br/wp-content/uploads/elementor/css/post-1373503c.css]
[metodogdf.com.br/wp-content/plugins/happy-elementor-addons/assets/fonts/happy-icons.woff2]
[metodogdf.com.br/wp-content/plugins/happy-elementor-addons/assets/fonts/happy-icons.woff]
[metodogdf.com.br/wp-content/plugins/happy-elementor-addons/assets/fonts/style.mindae4.css]
[metodogdf.com.br/wp-content/plugins/elementor/assets/lib/font-awesome/css/font-awesome.min1849.css]
[metodogdf.com.br/wp-content/plugins/elementor/assets/lib/font-awesome/css/fontawesome.min52d5.css]
[metodogdf.com.br/wp-content/plugins/elementor/assets/lib/font-awesome/css/solid.min52d5.css]
[metodogdf.com.br/wp-content/plugins/elementor/assets/css/widget-icon-list.min.css]
[metodogdf.com.br/wp-content/plugins/happy-elementor-addons/assets/fonts/happy-icons.svg]
